// Jest Snapshot v1, https://goo.gl/fbAQLP

exports[`fromDiff operator emits basic changes 1`] = `
Array [
  1,
  2,
  3,
  4,
  5,
]
`;

exports[`fromDiff operator emits objects changes 1`] = `
Array [
  Object {
    "value": 1,
  },
  Object {
    "value": 2,
  },
  Object {
    "value": 3,
  },
  Object {
    "value": 4,
  },
  Object {
    "value": 5,
  },
]
`;
